// Jest Snapshot v1, https://goo.gl/fbAQLP

exports[`gscCalculate() Pursuit doubles after variance 1`] = `
Array [
  97,
  97,
  97,
  98,
  98,
  99,
  99,
  100,
  100,
  101,
  101,
  101,
  102,
  102,
  103,
  103,
  104,
  104,
  105,
  105,
  105,
  106,
  106,
  107,
  107,
  108,
  108,
  109,
  109,
  109,
  110,
  110,
  111,
  111,
  112,
  112,
  113,
  113,
  114,
]
`;

exports[`gscCalculate() Pursuit doubles after variance 2`] = `
Array [
  194,
  194,
  194,
  196,
  196,
  198,
  198,
  200,
  200,
  202,
  202,
  202,
  204,
  204,
  206,
  206,
  208,
  208,
  210,
  210,
  210,
  212,
  212,
  214,
  214,
  216,
  216,
  218,
  218,
  218,
  220,
  220,
  222,
  222,
  224,
  224,
  226,
  226,
  228,
]
`;
